{"level":"info","message":{"duration":"27ms","method":"GET","params":{},"path":"/health","query":{},"status":200},"timestamp":"2026-07-27T21:32:27.871Z"}
{"level":"info","message":{"duration":"3ms","method":"GET","path":"/favicon.ico","query":{},"status":404},"timestamp":"2026-07-27T21:32:27.908Z"}
{"level":"info","message":{"duration":"3ms","method":"GET","params":{},"path":"/health","query":{},"status":200},"timestamp":"2026-07-27T21:32:39.342Z"}
{"level":"info","message":{"duration":"1ms","method":"GET","path":"/health:3000/health","query":{},"status":404},"timestamp":"2026-07-27T21:32:59.421Z"}
{"level":"info","message":{"duration":"2ms","method":"GET","params":{},"path":"/health/","query":{},"status":200},"timestamp":"2026-07-27T21:33:04.227Z"}
{"level":"info","message":{"duration":"2ms","method":"GET","params":{},"path":"/health","query":{},"status":200},"timestamp":"2026-07-27T21:33:08.452Z"}
{"level":"info","message":{"duration":"4ms","method":"GET","params":{},"path":"/health/detailed","query":{},"status":200},"timestamp":"2026-07-27T21:34:20.554Z"}
{"level":"info","message":"Retrieved 0 courses successfully","timestamp":"2026-07-27T21:39:07.596Z"}
{"level":"info","message":{"duration":"216ms","method":"GET","params":{},"path":"/api/courses","query":{},"status":200},"timestamp":"2026-07-27T21:39:07.610Z"}
{"level":"info","message":"Retrieved 0 courses successfully","timestamp":"2026-07-27T21:39:07.708Z"}
{"level":"info","message":{"duration":"13ms","method":"GET","params":{},"path":"/api/courses","query":{},"status":304},"timestamp":"2026-07-27T21:39:07.709Z"}
{"level":"info","message":"Retrieved 0 courses successfully","timestamp":"2026-07-27T21:42:59.350Z"}
{"level":"info","message":{"duration":"444ms","method":"GET","params":{},"path":"/api/courses","query":{},"status":304},"timestamp":"2026-07-27T21:42:59.368Z"}
{"level":"info","message":"Retrieved 0 courses successfully","timestamp":"2026-07-27T21:42:59.395Z"}
{"level":"info","message":{"duration":"2ms","method":"GET","params":{},"path":"/api/courses","query":{},"status":304},"timestamp":"2026-07-27T21:42:59.395Z"}
{"level":"info","message":"Retrieved 0 courses successfully","timestamp":"2026-07-27T21:43:35.878Z"}
{"level":"info","message":{"duration":"14ms","method":"GET","params":{},"path":"/api/courses","query":{},"status":304},"timestamp":"2026-07-27T21:43:35.880Z"}
{"level":"info","message":"Retrieved 0 courses successfully","timestamp":"2026-07-27T21:43:35.941Z"}
{"level":"info","message":{"duration":"5ms","method":"GET","params":{},"path":"/api/courses","query":{},"status":304},"timestamp":"2026-07-27T21:43:35.943Z"}
{"courseId":"6a67d13ba612ba930c35f644","level":"info","message":"New course created:","name":"Computer Engineering","timestamp":"2026-07-27T21:44:27.760Z"}
{"level":"info","message":{"body":{"description":"Learn How to code","duration":12,"name":"Computer Engineering","status":"active"},"duration":"36ms","method":"POST","params":{},"path":"/api/courses","query":{},"status":201},"timestamp":"2026-07-27T21:44:27.761Z"}
{"level":"info","message":"Retrieved 1 courses successfully","timestamp":"2026-07-27T21:44:27.784Z"}
{"level":"info","message":{"duration":"20ms","method":"GET","params":{},"path":"/api/courses","query":{},"status":200},"timestamp":"2026-07-27T21:44:27.784Z"}
{"activeCourses":1,"activeStudents":0,"courseCounts":[],"graduates":0,"level":"info","message":"Dashboard statistics retrieved successfully:","successRate":0,"timestamp":"2026-07-27T21:44:27.873Z","totalCourses":1,"totalStudents":0}
{"level":"info","message":{"duration":"84ms","method":"GET","params":{},"path":"/api/dashboard/stats","query":{},"status":200},"timestamp":"2026-07-27T21:44:27.873Z"}
